Component: Arm Compiler for Embedded 6.19 Tool: armlink [5e73cb00]

==============================================================================

Section Cross References

    driver_keil.o(.text.sig_handler1) refers to driver_keil.o(.bss.alarmed) for alarmed
    driver_keil.o(.ARM.exidx.text.sig_handler1) refers to driver_keil.o(.text.sig_handler1) for [Anonymous Symbol]
    driver_keil.o(.text.sig_handler2) refers to driver_keil.o(.bss.alarmed) for alarmed
    driver_keil.o(.ARM.exidx.text.sig_handler2) refers to driver_keil.o(.text.sig_handler2) for [Anonymous Symbol]
    driver_keil.o(.text.main) refers to driver_keil.o(.rodata.str1.1) for .L__const.main.stringA
    driver_keil.o(.text.main) refers to rt_memcpy_v6.o(.text) for __aeabi_memcpy
    driver_keil.o(.text.main) refers to stdlib.o(.text) for _strncpy
    driver_keil.o(.text.main) refers to driver_keil.o(.bss.alarmed) for alarmed
    driver_keil.o(.text.main) refers to driver_keil.o(.text.sig_handler1) for sig_handler1
    driver_keil.o(.text.main) refers to driver_keil.o(.text.sig_handler2) for sig_handler2
    driver_keil.o(.ARM.exidx.text.main) refers to driver_keil.o(.text.main) for [Anonymous Symbol]
    stdlib.o(.text) refers (Special) to heap.o(.text) for _kinit
    svc.o(.text) refers to timer.o(.text) for _timer_init
    svc.o(.text) refers to stdlib.o(.text) for _strncpy
    svc.o(.text) refers to heap.o(.text) for _kalloc
    startup_tm4c129.o(RESET) refers to startup_tm4c129.o(STACK) for __initial_sp
    startup_tm4c129.o(RESET) refers to startup_tm4c129.o(.text) for Reset_Handler
    startup_tm4c129.o(.text) refers to timer.o(.text) for _timer_update
    startup_tm4c129.o(.text) refers to startup_tm4c129.o(STACK) for __initial_sp
    startup_tm4c129.o(.text) refers to system_tm4c129.o(.text.SystemInit) for SystemInit
    startup_tm4c129.o(.text) refers to heap.o(.text) for _kinit
    startup_tm4c129.o(.text) refers to svc.o(.text) for _syscall_table_init
    startup_tm4c129.o(.text) refers to __main.o(!!!main) for __main
    startup_tm4c129.o(.text) refers to startup_tm4c129.o(HEAP) for Heap_Mem
    system_tm4c129.o(.text.SystemCoreClockUpdate) refers to system_tm4c129.o(.data.SystemCoreClock) for SystemCoreClock
    system_tm4c129.o(.ARM.exidx.text.SystemCoreClockUpdate) refers to system_tm4c129.o(.text.SystemCoreClockUpdate) for [Anonymous Symbol]
    system_tm4c129.o(.text.SystemInit) refers to system_tm4c129.o(.data.SystemCoreClock) for SystemCoreClock
    system_tm4c129.o(.ARM.exidx.text.SystemInit) refers to system_tm4c129.o(.text.SystemInit) for [Anonymous Symbol]
    rt_memcpy_v6.o(.text) refers to rt_memcpy_w.o(.text) for __aeabi_memcpy4
    __main.o(!!!main) refers to __rtentry.o(.ARM.Collect$$rtentry$$00000000) for __rt_entry
    __rtentry.o(.ARM.Collect$$rtentry$$00000000) refers (Special) to __rtentry2.o(.ARM.Collect$$rtentry$$0000000A) for __rt_entry_li
    __rtentry.o(.ARM.Collect$$rtentry$$00000000) refers (Special) to __rtentry2.o(.ARM.Collect$$rtentry$$0000000D) for __rt_entry_main
    __rtentry.o(.ARM.Collect$$rtentry$$00000000) refers (Special) to __rtentry2.o(.ARM.Collect$$rtentry$$0000000C) for __rt_entry_postli_1
    __rtentry.o(.ARM.Collect$$rtentry$$00000000) refers (Special) to __rtentry2.o(.ARM.Collect$$rtentry$$00000009) for __rt_entry_postsh_1
    __rtentry.o(.ARM.Collect$$rtentry$$00000000) refers (Special) to __rtentry2.o(.ARM.Collect$$rtentry$$00000002) for __rt_entry_presh_1
    __rtentry.o(.ARM.Collect$$rtentry$$00000000) refers (Special) to __rtentry4.o(.ARM.Collect$$rtentry$$00000004) for __rt_entry_sh
    __rtentry2.o(.ARM.Collect$$rtentry$$00000008) refers to boardinit2.o(.text) for _platform_post_stackheap_init
    __rtentry2.o(.ARM.Collect$$rtentry$$0000000A) refers to libinit.o(.ARM.Collect$$libinit$$00000000) for __rt_lib_init
    __rtentry2.o(.ARM.Collect$$rtentry$$0000000B) refers to boardinit3.o(.text) for _platform_post_lib_init
    __rtentry2.o(.ARM.Collect$$rtentry$$0000000D) refers to driver_keil.o(.text.main) for main
    __rtentry2.o(.ARM.Collect$$rtentry$$0000000D) refers to exit.o(.text) for exit
    __rtentry2.o(.ARM.exidx) refers to __rtentry2.o(.ARM.Collect$$rtentry$$00000001) for .ARM.Collect$$rtentry$$00000001
    __rtentry2.o(.ARM.exidx) refers to __rtentry2.o(.ARM.Collect$$rtentry$$00000008) for .ARM.Collect$$rtentry$$00000008
    __rtentry2.o(.ARM.exidx) refers to __rtentry2.o(.ARM.Collect$$rtentry$$0000000A) for .ARM.Collect$$rtentry$$0000000A
    __rtentry2.o(.ARM.exidx) refers to __rtentry2.o(.ARM.Collect$$rtentry$$0000000B) for .ARM.Collect$$rtentry$$0000000B
    __rtentry2.o(.ARM.exidx) refers to __rtentry2.o(.ARM.Collect$$rtentry$$0000000D) for .ARM.Collect$$rtentry$$0000000D
    __rtentry4.o(.ARM.Collect$$rtentry$$00000004) refers to sys_stackheap_outer.o(.text) for __user_setup_stackheap
    __rtentry4.o(.ARM.exidx) refers to __rtentry4.o(.ARM.Collect$$rtentry$$00000004) for .ARM.Collect$$rtentry$$00000004
    sys_stackheap_outer.o(.text) refers to libspace.o(.text) for __user_perproc_libspace
    sys_stackheap_outer.o(.text) refers to startup_tm4c129.o(.text) for __user_initial_stackheap
    exit.o(.text) refers to rtexit.o(.ARM.Collect$$rtexit$$00000000) for __rt_exit
    libinit.o(.ARM.Collect$$libinit$$00000000) refers (Special) to libinit2.o(.ARM.Collect$$libinit$$00000030) for __rt_lib_init_alloca_1
    libinit.o(.ARM.Collect$$libinit$$00000000) refers (Special) to libinit2.o(.ARM.Collect$$libinit$$0000002E) for __rt_lib_init_argv_1
    libinit.o(.ARM.Collect$$libinit$$00000000) refers (Special) to libinit2.o(.ARM.Collect$$libinit$$0000001D) for __rt_lib_init_atexit_1
    libinit.o(.ARM.Collect$$libinit$$00000000) refers (Special) to libinit2.o(.ARM.Collect$$libinit$$00000023) for __rt_lib_init_clock_1
    libinit.o(.ARM.Collect$$libinit$$00000000) refers (Special) to libinit2.o(.ARM.Collect$$libinit$$00000034) for __rt_lib_init_cpp_1
    libinit.o(.ARM.Collect$$libinit$$00000000) refers (Special) to libinit2.o(.ARM.Collect$$libinit$$00000032) for __rt_lib_init_exceptions_1
    libinit.o(.ARM.Collect$$libinit$$00000000) refers (Special) to libinit2.o(.ARM.Collect$$libinit$$00000001) for __rt_lib_init_fp_1
    libinit.o(.ARM.Collect$$libinit$$00000000) refers (Special) to libinit2.o(.ARM.Collect$$libinit$$00000021) for __rt_lib_init_fp_trap_1
    libinit.o(.ARM.Collect$$libinit$$00000000) refers (Special) to libinit2.o(.ARM.Collect$$libinit$$00000025) for __rt_lib_init_getenv_1
    libinit.o(.ARM.Collect$$libinit$$00000000) refers (Special) to libinit2.o(.ARM.Collect$$libinit$$0000000C) for __rt_lib_init_heap_1
    libinit.o(.ARM.Collect$$libinit$$00000000) refers (Special) to libinit2.o(.ARM.Collect$$libinit$$00000013) for __rt_lib_init_lc_collate_1
    libinit.o(.ARM.Collect$$libinit$$00000000) refers (Special) to libinit2.o(.ARM.Collect$$libinit$$00000015) for __rt_lib_init_lc_ctype_1
    libinit.o(.ARM.Collect$$libinit$$00000000) refers (Special) to libinit2.o(.ARM.Collect$$libinit$$00000017) for __rt_lib_init_lc_monetary_1
    libinit.o(.ARM.Collect$$libinit$$00000000) refers (Special) to libinit2.o(.ARM.Collect$$libinit$$00000019) for __rt_lib_init_lc_numeric_1
    libinit.o(.ARM.Collect$$libinit$$00000000) refers (Special) to libinit2.o(.ARM.Collect$$libinit$$0000001B) for __rt_lib_init_lc_time_1
    libinit.o(.ARM.Collect$$libinit$$00000000) refers (Special) to libinit2.o(.ARM.Collect$$libinit$$00000006) for __rt_lib_init_preinit_1
    libinit.o(.ARM.Collect$$libinit$$00000000) refers (Special) to libinit2.o(.ARM.Collect$$libinit$$00000010) for __rt_lib_init_rand_1
    libinit.o(.ARM.Collect$$libinit$$00000000) refers (Special) to libinit2.o(.ARM.Collect$$libinit$$00000004) for __rt_lib_init_relocate_pie_1
    libinit.o(.ARM.Collect$$libinit$$00000000) refers (Special) to libinit2.o(.ARM.Collect$$libinit$$00000035) for __rt_lib_init_return
    libinit.o(.ARM.Collect$$libinit$$00000000) refers (Special) to libinit2.o(.ARM.Collect$$libinit$$0000001F) for __rt_lib_init_signal_1
    libinit.o(.ARM.Collect$$libinit$$00000000) refers (Special) to libinit2.o(.ARM.Collect$$libinit$$00000027) for __rt_lib_init_stdio_1
    libinit.o(.ARM.Collect$$libinit$$00000000) refers (Special) to libinit2.o(.ARM.Collect$$libinit$$0000000E) for __rt_lib_init_user_alloc_1
    libspace.o(.text) refers to libspace.o(.bss) for __libspace_start
    rtexit.o(.ARM.Collect$$rtexit$$00000000) refers (Special) to rtexit2.o(.ARM.Collect$$rtexit$$00000004) for __rt_exit_exit
    rtexit.o(.ARM.Collect$$rtexit$$00000000) refers (Special) to rtexit2.o(.ARM.Collect$$rtexit$$00000003) for __rt_exit_ls
    rtexit.o(.ARM.Collect$$rtexit$$00000000) refers (Special) to rtexit2.o(.ARM.Collect$$rtexit$$00000002) for __rt_exit_prels_1
    rtexit.o(.ARM.exidx) refers (Special) to rtexit2.o(.ARM.Collect$$rtexit$$00000004) for __rt_exit_exit
    rtexit.o(.ARM.exidx) refers (Special) to rtexit2.o(.ARM.Collect$$rtexit$$00000003) for __rt_exit_ls
    rtexit.o(.ARM.exidx) refers (Special) to rtexit2.o(.ARM.Collect$$rtexit$$00000002) for __rt_exit_prels_1
    rtexit.o(.ARM.exidx) refers to rtexit.o(.ARM.Collect$$rtexit$$00000000) for .ARM.Collect$$rtexit$$00000000
    libinit2.o(.ARM.Collect$$libinit$$00000001) refers to fpinit.o(x$fpl$fpinit) for _fp_init
    libinit2.o(.ARM.Collect$$libinit$$00000012) refers to libinit2.o(.ARM.Collect$$libinit$$00000011) for .ARM.Collect$$libinit$$00000011
    libinit2.o(.ARM.Collect$$libinit$$00000014) refers to libinit2.o(.ARM.Collect$$libinit$$00000011) for .ARM.Collect$$libinit$$00000011
    libinit2.o(.ARM.Collect$$libinit$$00000016) refers to libinit2.o(.ARM.Collect$$libinit$$00000011) for .ARM.Collect$$libinit$$00000011
    libinit2.o(.ARM.Collect$$libinit$$00000018) refers to libinit2.o(.ARM.Collect$$libinit$$00000011) for .ARM.Collect$$libinit$$00000011
    libinit2.o(.ARM.Collect$$libinit$$0000001A) refers to libinit2.o(.ARM.Collect$$libinit$$00000011) for .ARM.Collect$$libinit$$00000011
    libinit2.o(.ARM.Collect$$libinit$$00000028) refers to argv_veneer.o(.emb_text) for __ARM_argv_veneer
    libinit2.o(.ARM.Collect$$libinit$$00000029) refers to argv_veneer.o(.emb_text) for __ARM_argv_veneer
    rtexit2.o(.ARM.Collect$$rtexit$$00000003) refers to libshutdown.o(.ARM.Collect$$libshutdown$$00000000) for __rt_lib_shutdown
    rtexit2.o(.ARM.Collect$$rtexit$$00000004) refers to sys_exit.o(.text) for _sys_exit
    rtexit2.o(.ARM.exidx) refers to rtexit2.o(.ARM.Collect$$rtexit$$00000001) for .ARM.Collect$$rtexit$$00000001
    rtexit2.o(.ARM.exidx) refers to rtexit2.o(.ARM.Collect$$rtexit$$00000003) for .ARM.Collect$$rtexit$$00000003
    rtexit2.o(.ARM.exidx) refers to rtexit2.o(.ARM.Collect$$rtexit$$00000004) for .ARM.Collect$$rtexit$$00000004
    argv_veneer.o(.emb_text) refers to no_argv.o(.text) for __ARM_get_argv
    sys_exit.o(.text) refers (Special) to use_no_semi.o(.text) for __I$use$semihosting
    sys_exit.o(.text) refers (Special) to indicate_semi.o(.text) for __semihosting_library_function
    sys_exit_hlt.o(.text) refers (Special) to use_no_semi.o(.text) for __I$use$semihosting
    sys_exit_hlt.o(.text) refers (Special) to indicate_semi.o(.text) for __semihosting_library_function
    _get_argv_nomalloc.o(.text) refers (Special) to hrguard.o(.text) for __heap_region$guard
    _get_argv_nomalloc.o(.text) refers to defsig_rtmem_outer.o(.text) for __rt_SIGRTMEM
    _get_argv_nomalloc.o(.text) refers to sys_command.o(.text) for _sys_command_string
    libshutdown.o(.ARM.Collect$$libshutdown$$00000000) refers (Special) to libshutdown2.o(.ARM.Collect$$libshutdown$$00000002) for __rt_lib_shutdown_cpp_1
    libshutdown.o(.ARM.Collect$$libshutdown$$00000000) refers (Special) to libshutdown2.o(.ARM.Collect$$libshutdown$$00000007) for __rt_lib_shutdown_fp_trap_1
    libshutdown.o(.ARM.Collect$$libshutdown$$00000000) refers (Special) to libshutdown2.o(.ARM.Collect$$libshutdown$$0000000F) for __rt_lib_shutdown_heap_1
    libshutdown.o(.ARM.Collect$$libshutdown$$00000000) refers (Special) to libshutdown2.o(.ARM.Collect$$libshutdown$$00000010) for __rt_lib_shutdown_return
    libshutdown.o(.ARM.Collect$$libshutdown$$00000000) refers (Special) to libshutdown2.o(.ARM.Collect$$libshutdown$$0000000A) for __rt_lib_shutdown_signal_1
    libshutdown.o(.ARM.Collect$$libshutdown$$00000000) refers (Special) to libshutdown2.o(.ARM.Collect$$libshutdown$$00000004) for __rt_lib_shutdown_stdio_1
    libshutdown.o(.ARM.Collect$$libshutdown$$00000000) refers (Special) to libshutdown2.o(.ARM.Collect$$libshutdown$$0000000C) for __rt_lib_shutdown_user_alloc_1
    sys_command.o(.text) refers (Special) to use_no_semi.o(.text) for __I$use$semihosting
    sys_command.o(.text) refers (Special) to indicate_semi.o(.text) for __semihosting_library_function
    sys_command_hlt.o(.text) refers (Special) to use_no_semi.o(.text) for __I$use$semihosting
    sys_command_hlt.o(.text) refers (Special) to indicate_semi.o(.text) for __semihosting_library_function
    defsig_rtmem_outer.o(.text) refers to defsig_rtmem_inner.o(.text) for __rt_SIGRTMEM_inner
    defsig_rtmem_outer.o(.text) refers to defsig_exit.o(.text) for __sig_exit
    defsig_rtmem_formal.o(.text) refers to rt_raise.o(.text) for __rt_raise
    rt_raise.o(.text) refers to __raise.o(.text) for __raise
    rt_raise.o(.text) refers to sys_exit.o(.text) for _sys_exit
    defsig_exit.o(.text) refers to sys_exit.o(.text) for _sys_exit
    defsig_rtmem_inner.o(.text) refers to defsig_general.o(.text) for __default_signal_display
    __raise.o(.text) refers to defsig.o(CL$$defsig) for __default_signal_handler
    defsig_general.o(.text) refers to sys_wrch.o(.text) for _ttywrch
    sys_wrch.o(.text) refers (Special) to use_no_semi.o(.text) for __I$use$semihosting
    sys_wrch.o(.text) refers (Special) to indicate_semi.o(.text) for __semihosting_library_function
    sys_wrch_hlt.o(.text) refers (Special) to use_no_semi.o(.text) for __I$use$semihosting
    sys_wrch_hlt.o(.text) refers (Special) to indicate_semi.o(.text) for __semihosting_library_function
    defsig.o(CL$$defsig) refers to defsig_rtmem_inner.o(.text) for __rt_SIGRTMEM_inner
    defsig_abrt_inner.o(.text) refers to defsig_general.o(.text) for __default_signal_display
    defsig_fpe_inner.o(.text) refers to defsig_general.o(.text) for __default_signal_display
    defsig_rtred_inner.o(.text) refers to defsig_general.o(.text) for __default_signal_display
    defsig_stak_inner.o(.text) refers to defsig_general.o(.text) for __default_signal_display
    defsig_pvfn_inner.o(.text) refers to defsig_general.o(.text) for __default_signal_display
    defsig_cppl_inner.o(.text) refers to defsig_general.o(.text) for __default_signal_display
    defsig_segv_inner.o(.text) refers to defsig_general.o(.text) for __default_signal_display
    defsig_other.o(.text) refers to defsig_general.o(.text) for __default_signal_display


==============================================================================

Removing Unused input sections from the image.

    Removing driver_keil.o(.text), (0 bytes).
    Removing driver_keil.o(.ARM.exidx.text.sig_handler1), (8 bytes).
    Removing driver_keil.o(.ARM.exidx.text.sig_handler2), (8 bytes).
    Removing driver_keil.o(.ARM.exidx.text.main), (8 bytes).
    Removing driver_keil.o(.ARM.use_no_argv), (4 bytes).
    Removing system_tm4c129.o(.text), (0 bytes).
    Removing system_tm4c129.o(.text.SystemCoreClockUpdate), (20 bytes).
    Removing system_tm4c129.o(.ARM.exidx.text.SystemCoreClockUpdate), (8 bytes).
    Removing system_tm4c129.o(.ARM.exidx.text.SystemInit), (8 bytes).

9 unused section(s) (total 64 bytes) removed from the image.

==============================================================================

Image Symbol Table

    Local Symbols

    Symbol Name                              Value     Ov Type        Size  Object(Section)

    ../clib/angel/boardlib.s                 0x00000000   Number         0  boardinit1.o ABSOLUTE
    ../clib/angel/boardlib.s                 0x00000000   Number         0  boardinit2.o ABSOLUTE
    ../clib/angel/boardlib.s                 0x00000000   Number         0  boardinit3.o ABSOLUTE
    ../clib/angel/boardlib.s                 0x00000000   Number         0  boardshut.o ABSOLUTE
    ../clib/angel/handlers.s                 0x00000000   Number         0  __scatter_copy.o ABSOLUTE
    ../clib/angel/handlers.s                 0x00000000   Number         0  __scatter_zi.o ABSOLUTE
    ../clib/angel/kernel.s                   0x00000000   Number         0  __rtentry.o ABSOLUTE
    ../clib/angel/kernel.s                   0x00000000   Number         0  __rtentry2.o ABSOLUTE
    ../clib/angel/kernel.s                   0x00000000   Number         0  __rtentry4.o ABSOLUTE
    ../clib/angel/kernel.s                   0x00000000   Number         0  rtexit.o ABSOLUTE
    ../clib/angel/kernel.s                   0x00000000   Number         0  rtexit2.o ABSOLUTE
    ../clib/angel/rt.s                       0x00000000   Number         0  rt_raise.o ABSOLUTE
    ../clib/angel/scatter.s                  0x00000000   Number         0  __scatter.o ABSOLUTE
    ../clib/angel/startup.s                  0x00000000   Number         0  __main.o ABSOLUTE
    ../clib/angel/sys.s                      0x00000000   Number         0  sys_stackheap_outer.o ABSOLUTE
    ../clib/angel/sys.s                      0x00000000   Number         0  libspace.o ABSOLUTE
    ../clib/angel/sys.s                      0x00000000   Number         0  use_no_semi.o ABSOLUTE
    ../clib/angel/sys.s                      0x00000000   Number         0  indicate_semi.o ABSOLUTE
    ../clib/angel/sysapp.c                   0x00000000   Number         0  sys_exit.o ABSOLUTE
    ../clib/angel/sysapp.c                   0x00000000   Number         0  sys_exit_hlt.o ABSOLUTE
    ../clib/angel/sysapp.c                   0x00000000   Number         0  sys_command.o ABSOLUTE
    ../clib/angel/sysapp.c                   0x00000000   Number         0  sys_command_hlt.o ABSOLUTE
    ../clib/angel/sysapp.c                   0x00000000   Number         0  sys_wrch.o ABSOLUTE
    ../clib/angel/sysapp.c                   0x00000000   Number         0  sys_wrch_hlt.o ABSOLUTE
    ../clib/armsys.c                         0x00000000   Number         0  argv_veneer.o ABSOLUTE
    ../clib/armsys.c                         0x00000000   Number         0  argv_veneer.o ABSOLUTE
    ../clib/armsys.c                         0x00000000   Number         0  _get_argv_nomalloc.o ABSOLUTE
    ../clib/armsys.c                         0x00000000   Number         0  no_argv.o ABSOLUTE
    ../clib/heapalloc.c                      0x00000000   Number         0  hrguard.o ABSOLUTE
    ../clib/libinit.s                        0x00000000   Number         0  libinit.o ABSOLUTE
    ../clib/libinit.s                        0x00000000   Number         0  libinit2.o ABSOLUTE
    ../clib/libinit.s                        0x00000000   Number         0  libshutdown.o ABSOLUTE
    ../clib/libinit.s                        0x00000000   Number         0  libshutdown2.o ABSOLUTE
    ../clib/memcpset.s                       0x00000000   Number         0  rt_memcpy_v6.o ABSOLUTE
    ../clib/memcpset.s                       0x00000000   Number         0  rt_memcpy_w.o ABSOLUTE
    ../clib/signal.c                         0x00000000   Number         0  defsig_rtmem_outer.o ABSOLUTE
    ../clib/signal.c                         0x00000000   Number         0  defsig_rtmem_formal.o ABSOLUTE
    ../clib/signal.c                         0x00000000   Number         0  defsig_exit.o ABSOLUTE
    ../clib/signal.c                         0x00000000   Number         0  defsig_rtmem_inner.o ABSOLUTE
    ../clib/signal.c                         0x00000000   Number         0  __raise.o ABSOLUTE
    ../clib/signal.c                         0x00000000   Number         0  defsig_general.o ABSOLUTE
    ../clib/signal.c                         0x00000000   Number         0  defsig_abrt_inner.o ABSOLUTE
    ../clib/signal.c                         0x00000000   Number         0  defsig_fpe_inner.o ABSOLUTE
    ../clib/signal.c                         0x00000000   Number         0  defsig_rtred_inner.o ABSOLUTE
    ../clib/signal.c                         0x00000000   Number         0  defsig_stak_inner.o ABSOLUTE
    ../clib/signal.c                         0x00000000   Number         0  defsig_pvfn_inner.o ABSOLUTE
    ../clib/signal.c                         0x00000000   Number         0  defsig_cppl_inner.o ABSOLUTE
    ../clib/signal.c                         0x00000000   Number         0  defsig_segv_inner.o ABSOLUTE
    ../clib/signal.c                         0x00000000   Number         0  defsig_other.o ABSOLUTE
    ../clib/signal.s                         0x00000000   Number         0  defsig.o ABSOLUTE
    ../clib/stdlib.c                         0x00000000   Number         0  exit.o ABSOLUTE
    ../fplib/fpinit.s                        0x00000000   Number         0  fpinit.o ABSOLUTE
    Assembly_Final_Project_Files/Thumb2_Programs/heap.s 0x00000000   Number         0  heap.o ABSOLUTE
    Assembly_Final_Project_Files/Thumb2_Programs/stdlib.s 0x00000000   Number         0  stdlib.o ABSOLUTE
    Assembly_Final_Project_Files/Thumb2_Programs/svc.s 0x00000000   Number         0  svc.o ABSOLUTE
    Assembly_Final_Project_Files/Thumb2_Programs/timer.s 0x00000000   Number         0  timer.o ABSOLUTE
    RTE/Device/TM4C129XNCZAD/startup_TM4C129.s 0x00000000   Number         0  startup_tm4c129.o ABSOLUTE
    dc.s                                     0x00000000   Number         0  dc.o ABSOLUTE
    driver_keil.c                            0x00000000   Number         0  driver_keil.o ABSOLUTE
    system_TM4C129.c                         0x00000000   Number         0  system_tm4c129.o ABSOLUTE
    RESET                                    0x00000000   Section      512  startup_tm4c129.o(RESET)
    !!!main                                  0x00000200   Section        8  __main.o(!!!main)
    !!!scatter                               0x00000208   Section       52  __scatter.o(!!!scatter)
    !!handler_copy                           0x0000023c   Section       26  __scatter_copy.o(!!handler_copy)
    !!handler_zi                             0x00000258   Section       28  __scatter_zi.o(!!handler_zi)
    .ARM.Collect$$libinit$$00000000          0x00000274   Section        2  libinit.o(.ARM.Collect$$libinit$$00000000)
    .ARM.Collect$$libinit$$00000001          0x00000276   Section        4  libinit2.o(.ARM.Collect$$libinit$$00000001)
    .ARM.Collect$$libinit$$00000004          0x0000027a   Section        0  libinit2.o(.ARM.Collect$$libinit$$00000004)
    .ARM.Collect$$libinit$$00000006          0x0000027a   Section        0  libinit2.o(.ARM.Collect$$libinit$$00000006)
    .ARM.Collect$$libinit$$0000000C          0x0000027a   Section        0  libinit2.o(.ARM.Collect$$libinit$$0000000C)
    .ARM.Collect$$libinit$$0000000E          0x0000027a   Section        0  libinit2.o(.ARM.Collect$$libinit$$0000000E)
    .ARM.Collect$$libinit$$00000010          0x0000027a   Section        0  libinit2.o(.ARM.Collect$$libinit$$00000010)
    .ARM.Collect$$libinit$$00000013          0x0000027a   Section        0  libinit2.o(.ARM.Collect$$libinit$$00000013)
    .ARM.Collect$$libinit$$00000015          0x0000027a   Section        0  libinit2.o(.ARM.Collect$$libinit$$00000015)
    .ARM.Collect$$libinit$$00000017          0x0000027a   Section        0  libinit2.o(.ARM.Collect$$libinit$$00000017)
    .ARM.Collect$$libinit$$00000019          0x0000027a   Section        0  libinit2.o(.ARM.Collect$$libinit$$00000019)
    .ARM.Collect$$libinit$$0000001B          0x0000027a   Section        0  libinit2.o(.ARM.Collect$$libinit$$0000001B)
    .ARM.Collect$$libinit$$0000001D          0x0000027a   Section        0  libinit2.o(.ARM.Collect$$libinit$$0000001D)
    .ARM.Collect$$libinit$$0000001F          0x0000027a   Section        0  libinit2.o(.ARM.Collect$$libinit$$0000001F)
    .ARM.Collect$$libinit$$00000021          0x0000027a   Section        0  libinit2.o(.ARM.Collect$$libinit$$00000021)
    .ARM.Collect$$libinit$$00000023          0x0000027a   Section        0  libinit2.o(.ARM.Collect$$libinit$$00000023)
    .ARM.Collect$$libinit$$00000025          0x0000027a   Section        0  libinit2.o(.ARM.Collect$$libinit$$00000025)
    .ARM.Collect$$libinit$$00000027          0x0000027a   Section        0  libinit2.o(.ARM.Collect$$libinit$$00000027)
    .ARM.Collect$$libinit$$0000002E          0x0000027a   Section        0  libinit2.o(.ARM.Collect$$libinit$$0000002E)
    .ARM.Collect$$libinit$$00000030          0x0000027a   Section        0  libinit2.o(.ARM.Collect$$libinit$$00000030)
    .ARM.Collect$$libinit$$00000032          0x0000027a   Section        0  libinit2.o(.ARM.Collect$$libinit$$00000032)
    .ARM.Collect$$libinit$$00000034          0x0000027a   Section        0  libinit2.o(.ARM.Collect$$libinit$$00000034)
    .ARM.Collect$$libinit$$00000035          0x0000027a   Section        2  libinit2.o(.ARM.Collect$$libinit$$00000035)
    .ARM.Collect$$libshutdown$$00000000      0x0000027c   Section        2  libshutdown.o(.ARM.Collect$$libshutdown$$00000000)
    .ARM.Collect$$libshutdown$$00000002      0x0000027e   Section        0  libshutdown2.o(.ARM.Collect$$libshutdown$$00000002)
    .ARM.Collect$$libshutdown$$00000004      0x0000027e   Section        0  libshutdown2.o(.ARM.Collect$$libshutdown$$00000004)
    .ARM.Collect$$libshutdown$$00000007      0x0000027e   Section        0  libshutdown2.o(.ARM.Collect$$libshutdown$$00000007)
    .ARM.Collect$$libshutdown$$0000000A      0x0000027e   Section        0  libshutdown2.o(.ARM.Collect$$libshutdown$$0000000A)
    .ARM.Collect$$libshutdown$$0000000C      0x0000027e   Section        0  libshutdown2.o(.ARM.Collect$$libshutdown$$0000000C)
    .ARM.Collect$$libshutdown$$0000000F      0x0000027e   Section        0  libshutdown2.o(.ARM.Collect$$libshutdown$$0000000F)
    .ARM.Collect$$libshutdown$$00000010      0x0000027e   Section        2  libshutdown2.o(.ARM.Collect$$libshutdown$$00000010)
    .ARM.Collect$$rtentry$$00000000          0x00000280   Section        0  __rtentry.o(.ARM.Collect$$rtentry$$00000000)
    .ARM.Collect$$rtentry$$00000002          0x00000280   Section        0  __rtentry2.o(.ARM.Collect$$rtentry$$00000002)
    .ARM.Collect$$rtentry$$00000004          0x00000280   Section        6  __rtentry4.o(.ARM.Collect$$rtentry$$00000004)
    .ARM.Collect$$rtentry$$00000009          0x00000286   Section        0  __rtentry2.o(.ARM.Collect$$rtentry$$00000009)
    .ARM.Collect$$rtentry$$0000000A          0x00000286   Section        4  __rtentry2.o(.ARM.Collect$$rtentry$$0000000A)
    .ARM.Collect$$rtentry$$0000000C          0x0000028a   Section        0  __rtentry2.o(.ARM.Collect$$rtentry$$0000000C)
    .ARM.Collect$$rtentry$$0000000D          0x0000028a   Section        8  __rtentry2.o(.ARM.Collect$$rtentry$$0000000D)
    .ARM.Collect$$rtexit$$00000000           0x00000292   Section        2  rtexit.o(.ARM.Collect$$rtexit$$00000000)
    .ARM.Collect$$rtexit$$00000002           0x00000294   Section        0  rtexit2.o(.ARM.Collect$$rtexit$$00000002)
    .ARM.Collect$$rtexit$$00000003           0x00000294   Section        4  rtexit2.o(.ARM.Collect$$rtexit$$00000003)
    .ARM.Collect$$rtexit$$00000004           0x00000298   Section        6  rtexit2.o(.ARM.Collect$$rtexit$$00000004)
    $v0                                      0x000002a0   Number         0  heap.o(.text)
    .text                                    0x000002a0   Section      508  heap.o(.text)
    $v0                                      0x0000049c   Number         0  stdlib.o(.text)
    .text                                    0x0000049c   Section      116  stdlib.o(.text)
    $v0                                      0x00000510   Number         0  svc.o(.text)
    _sys_exit                                0x00000511   Thumb Code     0  svc.o(.text)
    .text                                    0x00000510   Section      160  svc.o(.text)
    _sys_alarm                               0x00000519   Thumb Code     0  svc.o(.text)
    _sys_signal                              0x00000523   Thumb Code     0  svc.o(.text)
    _sys_malloc                              0x0000053b   Thumb Code     0  svc.o(.text)
    _sys_free                                0x00000547   Thumb Code     0  svc.o(.text)
    $v0                                      0x000005b0   Number         0  timer.o(.text)
    .text                                    0x000005b0   Section      108  timer.o(.text)
    $v0                                      0x0000061c   Number         0  startup_tm4c129.o(.text)
    .text                                    0x0000061c   Section      420  startup_tm4c129.o(.text)
    .text                                    0x000007c0   Section      138  rt_memcpy_v6.o(.text)
    .text                                    0x0000084a   Section      100  rt_memcpy_w.o(.text)
    .text                                    0x000008ae   Section       74  sys_stackheap_outer.o(.text)
    .text                                    0x000008f8   Section        0  exit.o(.text)
    .text                                    0x0000090c   Section        8  libspace.o(.text)
    .text                                    0x00000914   Section        0  sys_exit.o(.text)
    .text                                    0x00000920   Section        2  use_no_semi.o(.text)
    .text                                    0x00000922   Section        0  indicate_semi.o(.text)
    [Anonymous Symbol]                       0x00000924   Section        0  system_tm4c129.o(.text.SystemInit)
    [Anonymous Symbol]                       0x00000948   Section        0  driver_keil.o(.text.main)
    [Anonymous Symbol]                       0x00000a88   Section        0  driver_keil.o(.text.sig_handler1)
    [Anonymous Symbol]                       0x00000aa0   Section        0  driver_keil.o(.text.sig_handler2)
    $v0                                      0x00000ab6   Number         0  fpinit.o(x$fpl$fpinit)
    x$fpl$fpinit                             0x00000ab6   Section       26  fpinit.o(x$fpl$fpinit)
    .L__const.main.stringA                   0x00000ad0   Data          40  driver_keil.o(.rodata.str1.1)
    [Anonymous Symbol]                       0x00000ad0   Section        0  driver_keil.o(.rodata.str1.1)
    .bss                                     0x20000008   Section       96  libspace.o(.bss)
    Heap_Mem                                 0x20000070   Data       20480  startup_tm4c129.o(HEAP)
    HEAP                                     0x20000070   Section    20480  startup_tm4c129.o(HEAP)
    Thread_Stack_Mem                         0x20005070   Data        2048  startup_tm4c129.o(STACK)
    STACK                                    0x20005070   Section     4096  startup_tm4c129.o(STACK)
    __initial_user_sp                        0x20005870   Data           0  startup_tm4c129.o(STACK)
    __initial_sp                             0x20006070   Data           0  startup_tm4c129.o(STACK)

    Global Symbols

    Symbol Name                              Value     Ov Type        Size  Object(Section)

    BuildAttributes$$THM_ISAv4$E$P$D$K$B$S$7EM$VFPi3$EXTD16$VFPS$VFMA$PE$A:L22UL41UL21$X:L11$S22US41US21$IEEE1$IW$~IW$USESV6$~STKCKD$USESV7$~SHL$OSPACE$ROPI$EBA8$UX$STANDARDLIB$REQ8$EABIv2 0x00000000   Number         0  anon$$obj.o ABSOLUTE
    __Vectors                                0x00000000   Data           4  startup_tm4c129.o(RESET)
    __ARM_exceptions_init                     - Undefined Weak Reference
    __alloca_initialize                       - Undefined Weak Reference
    __arm_preinit_                            - Undefined Weak Reference
    __arm_relocate_pie_                       - Undefined Weak Reference
    __cpp_initialize__aeabi_                  - Undefined Weak Reference
    __cxa_finalize                            - Undefined Weak Reference
    __rt_locale                               - Undefined Weak Reference
    __sigvec_lookup                           - Undefined Weak Reference
    _atexit_init                              - Undefined Weak Reference
    _call_atexit_fns                          - Undefined Weak Reference
    _clock_init                               - Undefined Weak Reference
    _fp_trap_init                             - Undefined Weak Reference
    _fp_trap_shutdown                         - Undefined Weak Reference
    _get_lc_collate                           - Undefined Weak Reference
    _get_lc_ctype                             - Undefined Weak Reference
    _get_lc_monetary                          - Undefined Weak Reference
    _get_lc_numeric                           - Undefined Weak Reference
    _get_lc_time                              - Undefined Weak Reference
    _getenv_init                              - Undefined Weak Reference
    _handle_redirection                       - Undefined Weak Reference
    _init_alloc                               - Undefined Weak Reference
    _init_user_alloc                          - Undefined Weak Reference
    _initio                                   - Undefined Weak Reference
    _rand_init                                - Undefined Weak Reference
    _signal_finish                            - Undefined Weak Reference
    _signal_init                              - Undefined Weak Reference
    _terminate_alloc                          - Undefined Weak Reference
    _terminate_user_alloc                     - Undefined Weak Reference
    _terminateio                              - Undefined Weak Reference
    __Vectors_End                            0x00000200   Data           0  startup_tm4c129.o(RESET)
    __Vectors_Size                           0x00000200   Number         0  startup_tm4c129.o ABSOLUTE
    __main                                   0x00000201   Thumb Code     8  __main.o(!!!main)
    __scatterload                            0x00000209   Thumb Code     0  __scatter.o(!!!scatter)
    __scatterload_rt2                        0x00000209   Thumb Code    44  __scatter.o(!!!scatter)
    __scatterload_rt2_thumb_only             0x00000209   Thumb Code     0  __scatter.o(!!!scatter)
    __scatterload_null                       0x00000217   Thumb Code     0  __scatter.o(!!!scatter)
    __scatterload_copy                       0x0000023d   Thumb Code    26  __scatter_copy.o(!!handler_copy)
    __scatterload_zeroinit                   0x00000259   Thumb Code    28  __scatter_zi.o(!!handler_zi)
    __rt_lib_init                            0x00000275   Thumb Code     0  libinit.o(.ARM.Collect$$libinit$$00000000)
    __rt_lib_init_fp_1                       0x00000277   Thumb Code     0  libinit2.o(.ARM.Collect$$libinit$$00000001)
    __rt_lib_init_alloca_1                   0x0000027b   Thumb Code     0  libinit2.o(.ARM.Collect$$libinit$$00000030)
    __rt_lib_init_argv_1                     0x0000027b   Thumb Code     0  libinit2.o(.ARM.Collect$$libinit$$0000002E)
    __rt_lib_init_atexit_1                   0x0000027b   Thumb Code     0  libinit2.o(.ARM.Collect$$libinit$$0000001D)
    __rt_lib_init_clock_1                    0x0000027b   Thumb Code     0  libinit2.o(.ARM.Collect$$libinit$$00000023)
    __rt_lib_init_cpp_1                      0x0000027b   Thumb Code     0  libinit2.o(.ARM.Collect$$libinit$$00000034)
    __rt_lib_init_exceptions_1               0x0000027b   Thumb Code     0  libinit2.o(.ARM.Collect$$libinit$$00000032)
    __rt_lib_init_fp_trap_1                  0x0000027b   Thumb Code     0  libinit2.o(.ARM.Collect$$libinit$$00000021)
    __rt_lib_init_getenv_1                   0x0000027b   Thumb Code     0  libinit2.o(.ARM.Collect$$libinit$$00000025)
    __rt_lib_init_heap_1                     0x0000027b   Thumb Code     0  libinit2.o(.ARM.Collect$$libinit$$0000000C)
    __rt_lib_init_lc_collate_1               0x0000027b   Thumb Code     0  libinit2.o(.ARM.Collect$$libinit$$00000013)
    __rt_lib_init_lc_ctype_1                 0x0000027b   Thumb Code     0  libinit2.o(.ARM.Collect$$libinit$$00000015)
    __rt_lib_init_lc_monetary_1              0x0000027b   Thumb Code     0  libinit2.o(.ARM.Collect$$libinit$$00000017)
    __rt_lib_init_lc_numeric_1               0x0000027b   Thumb Code     0  libinit2.o(.ARM.Collect$$libinit$$00000019)
    __rt_lib_init_lc_time_1                  0x0000027b   Thumb Code     0  libinit2.o(.ARM.Collect$$libinit$$0000001B)
    __rt_lib_init_preinit_1                  0x0000027b   Thumb Code     0  libinit2.o(.ARM.Collect$$libinit$$00000006)
    __rt_lib_init_rand_1                     0x0000027b   Thumb Code     0  libinit2.o(.ARM.Collect$$libinit$$00000010)
    __rt_lib_init_relocate_pie_1             0x0000027b   Thumb Code     0  libinit2.o(.ARM.Collect$$libinit$$00000004)
    __rt_lib_init_return                     0x0000027b   Thumb Code     0  libinit2.o(.ARM.Collect$$libinit$$00000035)
    __rt_lib_init_signal_1                   0x0000027b   Thumb Code     0  libinit2.o(.ARM.Collect$$libinit$$0000001F)
    __rt_lib_init_stdio_1                    0x0000027b   Thumb Code     0  libinit2.o(.ARM.Collect$$libinit$$00000027)
    __rt_lib_init_user_alloc_1               0x0000027b   Thumb Code     0  libinit2.o(.ARM.Collect$$libinit$$0000000E)
    __rt_lib_shutdown                        0x0000027d   Thumb Code     0  libshutdown.o(.ARM.Collect$$libshutdown$$00000000)
    __rt_lib_shutdown_cpp_1                  0x0000027f   Thumb Code     0  libshutdown2.o(.ARM.Collect$$libshutdown$$00000002)
    __rt_lib_shutdown_fp_trap_1              0x0000027f   Thumb Code     0  libshutdown2.o(.ARM.Collect$$libshutdown$$00000007)
    __rt_lib_shutdown_heap_1                 0x0000027f   Thumb Code     0  libshutdown2.o(.ARM.Collect$$libshutdown$$0000000F)
    __rt_lib_shutdown_return                 0x0000027f   Thumb Code     0  libshutdown2.o(.ARM.Collect$$libshutdown$$00000010)
    __rt_lib_shutdown_signal_1               0x0000027f   Thumb Code     0  libshutdown2.o(.ARM.Collect$$libshutdown$$0000000A)
    __rt_lib_shutdown_stdio_1                0x0000027f   Thumb Code     0  libshutdown2.o(.ARM.Collect$$libshutdown$$00000004)
    __rt_lib_shutdown_user_alloc_1           0x0000027f   Thumb Code     0  libshutdown2.o(.ARM.Collect$$libshutdown$$0000000C)
    __rt_entry                               0x00000281   Thumb Code     0  __rtentry.o(.ARM.Collect$$rtentry$$00000000)
    __rt_entry_presh_1                       0x00000281   Thumb Code     0  __rtentry2.o(.ARM.Collect$$rtentry$$00000002)
    __rt_entry_sh                            0x00000281   Thumb Code     0  __rtentry4.o(.ARM.Collect$$rtentry$$00000004)
    __rt_entry_li                            0x00000287   Thumb Code     0  __rtentry2.o(.ARM.Collect$$rtentry$$0000000A)
    __rt_entry_postsh_1                      0x00000287   Thumb Code     0  __rtentry2.o(.ARM.Collect$$rtentry$$00000009)
    __rt_entry_main                          0x0000028b   Thumb Code     0  __rtentry2.o(.ARM.Collect$$rtentry$$0000000D)
    __rt_entry_postli_1                      0x0000028b   Thumb Code     0  __rtentry2.o(.ARM.Collect$$rtentry$$0000000C)
    __rt_exit                                0x00000293   Thumb Code     0  rtexit.o(.ARM.Collect$$rtexit$$00000000)
    __rt_exit_ls                             0x00000295   Thumb Code     0  rtexit2.o(.ARM.Collect$$rtexit$$00000003)
    __rt_exit_prels_1                        0x00000295   Thumb Code     0  rtexit2.o(.ARM.Collect$$rtexit$$00000002)
    __rt_exit_exit                           0x00000299   Thumb Code     0  rtexit2.o(.ARM.Collect$$rtexit$$00000004)
    _ralloc                                  0x000002a1   Thumb Code     0  heap.o(.text)
    _rfree                                   0x00000343   Thumb Code     0  heap.o(.text)
    _kinit                                   0x000003f9   Thumb Code     0  heap.o(.text)
    _kalloc                                  0x0000041b   Thumb Code     0  heap.o(.text)
    _kfree                                   0x0000043d   Thumb Code     0  heap.o(.text)
    _heap_init                               0x00000477   Thumb Code     0  heap.o(.text)
    _bzero                                   0x0000049d   Thumb Code     0  stdlib.o(.text)
    _strncpy                                 0x000004b9   Thumb Code     0  stdlib.o(.text)
    _malloc                                  0x000004d9   Thumb Code     0  stdlib.o(.text)
    _free                                    0x000004e7   Thumb Code     0  stdlib.o(.text)
    _alarm                                   0x000004f5   Thumb Code     0  stdlib.o(.text)
    _signal                                  0x00000503   Thumb Code     0  stdlib.o(.text)
    _syscall_table_jump                      0x00000553   Thumb Code     0  svc.o(.text)
    _syscall_table_init                      0x00000567   Thumb Code     0  svc.o(.text)
    _timer_init                              0x000005b1   Thumb Code     0  timer.o(.text)
    _timer_start                             0x000005c3   Thumb Code     0  timer.o(.text)
    _timer_update                            0x000005e5   Thumb Code    24  timer.o(.text)
    _signal_handler                          0x000005fd   Thumb Code     0  timer.o(.text)
    Reset_Handler                            0x0000061d   Thumb Code    50  startup_tm4c129.o(.text)
    NMI_Handler                              0x0000064f   Thumb Code     2  startup_tm4c129.o(.text)
    HardFault_Handler                        0x00000651   Thumb Code     2  startup_tm4c129.o(.text)
    MemManage_Handler                        0x00000653   Thumb Code     2  startup_tm4c129.o(.text)
    BusFault_Handler                         0x00000655   Thumb Code     2  startup_tm4c129.o(.text)
    UsageFault_Handler                       0x00000657   Thumb Code     2  startup_tm4c129.o(.text)
    SVC_Handler                              0x0000065d   Thumb Code    30  startup_tm4c129.o(.text)
    DebugMon_Handler                         0x0000067b   Thumb Code     2  startup_tm4c129.o(.text)
    PendSV_Handler                           0x0000067d   Thumb Code     2  startup_tm4c129.o(.text)
    SysTick_Handler                          0x0000067f   Thumb Code    14  startup_tm4c129.o(.text)
    GPIOA_Handler                            0x0000068d   Thumb Code     2  startup_tm4c129.o(.text)
    GPIOB_Handler                            0x0000068f   Thumb Code     2  startup_tm4c129.o(.text)
    GPIOC_Handler                            0x00000691   Thumb Code     2  startup_tm4c129.o(.text)
    GPIOD_Handler                            0x00000693   Thumb Code     2  startup_tm4c129.o(.text)
    GPIOE_Handler                            0x00000695   Thumb Code     2  startup_tm4c129.o(.text)
    UART0_Handler                            0x00000697   Thumb Code     2  startup_tm4c129.o(.text)
    UART1_Handler                            0x00000699   Thumb Code     2  startup_tm4c129.o(.text)
    SSI0_Handler                             0x0000069b   Thumb Code     2  startup_tm4c129.o(.text)
    I2C0_Handler                             0x0000069d   Thumb Code     2  startup_tm4c129.o(.text)
    PMW0_FAULT_Handler                       0x0000069f   Thumb Code     2  startup_tm4c129.o(.text)
    PWM0_0_Handler                           0x000006a1   Thumb Code     2  startup_tm4c129.o(.text)
    PWM0_1_Handler                           0x000006a3   Thumb Code     2  startup_tm4c129.o(.text)
    PWM0_2_Handler                           0x000006a5   Thumb Code     2  startup_tm4c129.o(.text)
    QEI0_Handler                             0x000006a7   Thumb Code     2  startup_tm4c129.o(.text)
    ADC0SS0_Handler                          0x000006a9   Thumb Code     2  startup_tm4c129.o(.text)
    ADC0SS1_Handler                          0x000006ab   Thumb Code     2  startup_tm4c129.o(.text)
    ADC0SS2_Handler                          0x000006ad   Thumb Code     2  startup_tm4c129.o(.text)
    ADC0SS3_Handler                          0x000006af   Thumb Code     2  startup_tm4c129.o(.text)
    WDT0_Handler                             0x000006b1   Thumb Code     2  startup_tm4c129.o(.text)
    TIMER0A_Handler                          0x000006b3   Thumb Code     2  startup_tm4c129.o(.text)
    TIMER0B_Handler                          0x000006b5   Thumb Code     2  startup_tm4c129.o(.text)
    TIMER1A_Handler                          0x000006b7   Thumb Code     2  startup_tm4c129.o(.text)
    TIMER1B_Handler                          0x000006b9   Thumb Code     2  startup_tm4c129.o(.text)
    TIMER2A_Handler                          0x000006bb   Thumb Code     2  startup_tm4c129.o(.text)
    TIMER2B_Handler                          0x000006bd   Thumb Code     2  startup_tm4c129.o(.text)
    COMP0_Handler                            0x000006bf   Thumb Code     2  startup_tm4c129.o(.text)
    COMP1_Handler                            0x000006c1   Thumb Code     2  startup_tm4c129.o(.text)
    COMP2_Handler                            0x000006c3   Thumb Code     2  startup_tm4c129.o(.text)
    SYSCTL_Handler                           0x000006c5   Thumb Code     2  startup_tm4c129.o(.text)
    FLASH_Handler                            0x000006c7   Thumb Code     2  startup_tm4c129.o(.text)
    GPIOF_Handler                            0x000006c9   Thumb Code     2  startup_tm4c129.o(.text)
    GPIOG_Handler                            0x000006cb   Thumb Code     2  startup_tm4c129.o(.text)
    GPIOH_Handler                            0x000006cd   Thumb Code     2  startup_tm4c129.o(.text)
    UART2_Handler                            0x000006cf   Thumb Code     2  startup_tm4c129.o(.text)
    SSI1_Handler                             0x000006d1   Thumb Code     2  startup_tm4c129.o(.text)
    TIMER3A_Handler                          0x000006d3   Thumb Code     2  startup_tm4c129.o(.text)
    TIMER3B_Handler                          0x000006d5   Thumb Code     2  startup_tm4c129.o(.text)
    I2C1_Handler                             0x000006d7   Thumb Code     2  startup_tm4c129.o(.text)
    CAN0_Handler                             0x000006d9   Thumb Code     2  startup_tm4c129.o(.text)
    CAN1_Handler                             0x000006db   Thumb Code     2  startup_tm4c129.o(.text)
    ETH_Handler                              0x000006dd   Thumb Code     2  startup_tm4c129.o(.text)
    HIB_Handler                              0x000006df   Thumb Code     2  startup_tm4c129.o(.text)
    USB0_Handler                             0x000006e1   Thumb Code     2  startup_tm4c129.o(.text)
    PWM0_3_Handler                           0x000006e3   Thumb Code     2  startup_tm4c129.o(.text)
    UDMA_Handler                             0x000006e5   Thumb Code     2  startup_tm4c129.o(.text)
    UDMAERR_Handler                          0x000006e7   Thumb Code     2  startup_tm4c129.o(.text)
    ADC1SS0_Handler                          0x000006e9   Thumb Code     2  startup_tm4c129.o(.text)
    ADC1SS1_Handler                          0x000006eb   Thumb Code     2  startup_tm4c129.o(.text)
    ADC1SS2_Handler                          0x000006ed   Thumb Code     2  startup_tm4c129.o(.text)
    ADC1SS3_Handler                          0x000006ef   Thumb Code     2  startup_tm4c129.o(.text)
    EBI0_Handler                             0x000006f1   Thumb Code     2  startup_tm4c129.o(.text)
    GPIOJ_Handler                            0x000006f3   Thumb Code     2  startup_tm4c129.o(.text)
    GPIOK_Handler                            0x000006f5   Thumb Code     2  startup_tm4c129.o(.text)
    GPIOL_Handler                            0x000006f7   Thumb Code     2  startup_tm4c129.o(.text)
    SSI2_Handler                             0x000006f9   Thumb Code     2  startup_tm4c129.o(.text)
    SSI3_Handler                             0x000006fb   Thumb Code     2  startup_tm4c129.o(.text)
    UART3_Handler                            0x000006fd   Thumb Code     2  startup_tm4c129.o(.text)
    UART4_Handler                            0x000006ff   Thumb Code     2  startup_tm4c129.o(.text)
    UART5_Handler                            0x00000701   Thumb Code     2  startup_tm4c129.o(.text)
    UART6_Handler                            0x00000703   Thumb Code     2  startup_tm4c129.o(.text)
    UART7_Handler                            0x00000705   Thumb Code     2  startup_tm4c129.o(.text)
    I2C2_Handler                             0x00000707   Thumb Code     2  startup_tm4c129.o(.text)
    I2C3_Handler                             0x00000709   Thumb Code     2  startup_tm4c129.o(.text)
    TIMER4A_Handler                          0x0000070b   Thumb Code     2  startup_tm4c129.o(.text)
    TIMER4B_Handler                          0x0000070d   Thumb Code     2  startup_tm4c129.o(.text)
    TIMER5A_Handler                          0x0000070f   Thumb Code     2  startup_tm4c129.o(.text)
    TIMER5B_Handler                          0x00000711   Thumb Code     2  startup_tm4c129.o(.text)
    WTIMER0A_Handler                         0x00000713   Thumb Code     2  startup_tm4c129.o(.text)
    WTIMER0B_Handler                         0x00000715   Thumb Code     2  startup_tm4c129.o(.text)
    WTIMER1A_Handler                         0x00000717   Thumb Code     2  startup_tm4c129.o(.text)
    WTIMER1B_Handler                         0x00000719   Thumb Code     2  startup_tm4c129.o(.text)
    WTIMER2A_Handler                         0x0000071b   Thumb Code     2  startup_tm4c129.o(.text)
    WTIMER2B_Handler                         0x0000071d   Thumb Code     2  startup_tm4c129.o(.text)
    WTIMER3A_Handler                         0x0000071f   Thumb Code     2  startup_tm4c129.o(.text)
    WTIMER3B_Handler                         0x00000721   Thumb Code     2  startup_tm4c129.o(.text)
    WTIMER4A_Handler                         0x00000723   Thumb Code     2  startup_tm4c129.o(.text)
    WTIMER4B_Handler                         0x00000725   Thumb Code     2  startup_tm4c129.o(.text)
    WTIMER5A_Handler                         0x00000727   Thumb Code     2  startup_tm4c129.o(.text)
    WTIMER5B_Handler                         0x00000729   Thumb Code     2  startup_tm4c129.o(.text)
    FPU_Handler                              0x0000072b   Thumb Code     2  startup_tm4c129.o(.text)
    I2C4_Handler                             0x0000072d   Thumb Code     2  startup_tm4c129.o(.text)
    I2C5_Handler                             0x0000072f   Thumb Code     2  startup_tm4c129.o(.text)
    GPIOM_Handler                            0x00000731   Thumb Code     2  startup_tm4c129.o(.text)
    GPION_Handler                            0x00000733   Thumb Code     2  startup_tm4c129.o(.text)
    TAMPER_Handler                           0x00000735   Thumb Code     2  startup_tm4c129.o(.text)
    GPIOP0_Handler                           0x00000737   Thumb Code     2  startup_tm4c129.o(.text)
    GPIOP1_Handler                           0x00000739   Thumb Code     2  startup_tm4c129.o(.text)
    GPIOP2_Handler                           0x0000073b   Thumb Code     2  startup_tm4c129.o(.text)
    GPIOP3_Handler                           0x0000073d   Thumb Code     2  startup_tm4c129.o(.text)
    GPIOP4_Handler                           0x0000073f   Thumb Code     2  startup_tm4c129.o(.text)
    GPIOP5_Handler                           0x00000741   Thumb Code     2  startup_tm4c129.o(.text)
    GPIOP6_Handler                           0x00000743   Thumb Code     2  startup_tm4c129.o(.text)
    GPIOP7_Handler                           0x00000745   Thumb Code     2  startup_tm4c129.o(.text)
    GPIOQ0_Handler                           0x00000747   Thumb Code     2  startup_tm4c129.o(.text)
    GPIOQ1_Handler                           0x00000749   Thumb Code     2  startup_tm4c129.o(.text)
    GPIOQ2_Handler                           0x0000074b   Thumb Code     2  startup_tm4c129.o(.text)
    GPIOQ3_Handler                           0x0000074d   Thumb Code     2  startup_tm4c129.o(.text)
    GPIOQ4_Handler                           0x0000074f   Thumb Code     2  startup_tm4c129.o(.text)
    GPIOQ5_Handler                           0x00000751   Thumb Code     2  startup_tm4c129.o(.text)
    GPIOQ6_Handler                           0x00000753   Thumb Code     2  startup_tm4c129.o(.text)
    GPIOQ7_Handler                           0x00000755   Thumb Code     2  startup_tm4c129.o(.text)
    GPIOR_Handler                            0x00000757   Thumb Code     2  startup_tm4c129.o(.text)
    GPIOS_Handler                            0x00000759   Thumb Code     2  startup_tm4c129.o(.text)
    SHAMD5_Handler                           0x0000075b   Thumb Code     2  startup_tm4c129.o(.text)
    AES_Handler                              0x0000075d   Thumb Code     2  startup_tm4c129.o(.text)
    DES3DES_Handler                          0x0000075f   Thumb Code     2  startup_tm4c129.o(.text)
    LCDCONTROLLER_Handler                    0x00000761   Thumb Code     2  startup_tm4c129.o(.text)
    TIMER6A_Handler                          0x00000763   Thumb Code     2  startup_tm4c129.o(.text)
    TIMER6B_Handler                          0x00000765   Thumb Code     2  startup_tm4c129.o(.text)
    TIMER7A_Handler                          0x00000767   Thumb Code     2  startup_tm4c129.o(.text)
    TIMER7B_Handler                          0x00000769   Thumb Code     2  startup_tm4c129.o(.text)
    I2C6_Handler                             0x0000076b   Thumb Code     2  startup_tm4c129.o(.text)
    I2C7_Handler                             0x0000076d   Thumb Code     2  startup_tm4c129.o(.text)
    HIMSCANKEYBOARD_Handler                  0x0000076f   Thumb Code     2  startup_tm4c129.o(.text)
    ONEWIRE_Handler                          0x00000771   Thumb Code     2  startup_tm4c129.o(.text)
    HIMPS2_Handler                           0x00000773   Thumb Code     2  startup_tm4c129.o(.text)
    HIMLEDSEQUENCER_Handler                  0x00000775   Thumb Code     2  startup_tm4c129.o(.text)
    HIMCONSUMERIR_Handler                    0x00000777   Thumb Code     2  startup_tm4c129.o(.text)
    I2C8_Handler                             0x00000779   Thumb Code     2  startup_tm4c129.o(.text)
    I2C9_Handler                             0x0000077b   Thumb Code     2  startup_tm4c129.o(.text)
    GPIOT_Handler                            0x0000077d   Thumb Code     2  startup_tm4c129.o(.text)
    __user_initial_stackheap                 0x00000781   Thumb Code     0  startup_tm4c129.o(.text)
    __aeabi_memcpy                           0x000007c1   Thumb Code     0  rt_memcpy_v6.o(.text)
    __rt_memcpy                              0x000007c1   Thumb Code   138  rt_memcpy_v6.o(.text)
    _memcpy_lastbytes                        0x00000827   Thumb Code     0  rt_memcpy_v6.o(.text)
    __aeabi_memcpy4                          0x0000084b   Thumb Code     0  rt_memcpy_w.o(.text)
    __aeabi_memcpy8                          0x0000084b   Thumb Code     0  rt_memcpy_w.o(.text)
    __rt_memcpy_w                            0x0000084b   Thumb Code   100  rt_memcpy_w.o(.text)
    _memcpy_lastbytes_aligned                0x00000893   Thumb Code     0  rt_memcpy_w.o(.text)
    __user_setup_stackheap                   0x000008af   Thumb Code    74  sys_stackheap_outer.o(.text)
    exit                                     0x000008f9   Thumb Code    18  exit.o(.text)
    __user_libspace                          0x0000090d   Thumb Code     8  libspace.o(.text)
    __user_perproc_libspace                  0x0000090d   Thumb Code     0  libspace.o(.text)
    __user_perthread_libspace                0x0000090d   Thumb Code     0  libspace.o(.text)
    _sys_exit                                0x00000915   Thumb Code     8  sys_exit.o(.text)
    __I$use$semihosting                      0x00000921   Thumb Code     0  use_no_semi.o(.text)
    __use_no_semihosting_swi                 0x00000921   Thumb Code     2  use_no_semi.o(.text)
    __semihosting_library_function           0x00000923   Thumb Code     0  indicate_semi.o(.text)
    SystemInit                               0x00000925   Thumb Code    36  system_tm4c129.o(.text.SystemInit)
    main                                     0x00000949   Thumb Code   320  driver_keil.o(.text.main)
    sig_handler1                             0x00000a89   Thumb Code    22  driver_keil.o(.text.sig_handler1)
    sig_handler2                             0x00000aa1   Thumb Code    22  driver_keil.o(.text.sig_handler2)
    _fp_init                                 0x00000ab7   Thumb Code    26  fpinit.o(x$fpl$fpinit)
    __fplib_config_fpu_vfp                   0x00000acf   Thumb Code     0  fpinit.o(x$fpl$fpinit)
    __fplib_config_pureend_doubles           0x00000acf   Thumb Code     0  fpinit.o(x$fpl$fpinit)
    Region$$Table$$Base                      0x00000af8   Number         0  anon$$obj.o(Region$$Table)
    Region$$Table$$Limit                     0x00000b18   Number         0  anon$$obj.o(Region$$Table)
    SystemCoreClock                          0x20000000   Data           4  system_tm4c129.o(.data.SystemCoreClock)
    __libspace_start                         0x20000008   Data          96  libspace.o(.bss)
    __temporary_stack_top$libspace           0x20000068   Data           0  libspace.o(.bss)
    alarmed                                  0x20000068   Data           4  driver_keil.o(.bss.alarmed)



==============================================================================

Memory Map of the image

  Image Entry point : 0x0000061d

  Load Region LR_1 (Base: 0x00000000, Size: 0x00000b1c, Max: 0xffffffff, ABSOLUTE)

    Execution Region ER_RO (Exec base: 0x00000000, Load base: 0x00000000, Size: 0x00000b18, Max: 0xffffffff, ABSOLUTE)

    Exec Addr    Load Addr    Size         Type   Attr      Idx    E Section Name        Object

    0x00000000   0x00000000   0x00000200   Data   RO           34    RESET               startup_tm4c129.o
    0x00000200   0x00000200   0x00000008   Code   RO           55  * !!!main             c_w.l(__main.o)
    0x00000208   0x00000208   0x00000034   Code   RO          222    !!!scatter          c_w.l(__scatter.o)
    0x0000023c   0x0000023c   0x0000001a   Code   RO          224    !!handler_copy      c_w.l(__scatter_copy.o)
    0x00000256   0x00000256   0x00000002   PAD
    0x00000258   0x00000258   0x0000001c   Code   RO          226    !!handler_zi        c_w.l(__scatter_zi.o)
    0x00000274   0x00000274   0x00000002   Code   RO           84    .ARM.Collect$$libinit$$00000000  c_w.l(libinit.o)
    0x00000276   0x00000276   0x00000004   Code   RO           90    .ARM.Collect$$libinit$$00000001  c_w.l(libinit2.o)
    0x0000027a   0x0000027a   0x00000000   Code   RO           93    .ARM.Collect$$libinit$$00000004  c_w.l(libinit2.o)
    0x0000027a   0x0000027a   0x00000000   Code   RO           95    .ARM.Collect$$libinit$$00000006  c_w.l(libinit2.o)
    0x0000027a   0x0000027a   0x00000000   Code   RO           98    .ARM.Collect$$libinit$$0000000C  c_w.l(libinit2.o)
    0x0000027a   0x0000027a   0x00000000   Code   RO          100    .ARM.Collect$$libinit$$0000000E  c_w.l(libinit2.o)
    0x0000027a   0x0000027a   0x00000000   Code   RO          102    .ARM.Collect$$libinit$$00000010  c_w.l(libinit2.o)
    0x0000027a   0x0000027a   0x00000000   Code   RO          105    .ARM.Collect$$libinit$$00000013  c_w.l(libinit2.o)
    0x0000027a   0x0000027a   0x00000000   Code   RO          107    .ARM.Collect$$libinit$$00000015  c_w.l(libinit2.o)
    0x0000027a   0x0000027a   0x00000000   Code   RO          109    .ARM.Collect$$libinit$$00000017  c_w.l(libinit2.o)
    0x0000027a   0x0000027a   0x00000000   Code   RO          111    .ARM.Collect$$libinit$$00000019  c_w.l(libinit2.o)
    0x0000027a   0x0000027a   0x00000000   Code   RO          113    .ARM.Collect$$libinit$$0000001B  c_w.l(libinit2.o)
    0x0000027a   0x0000027a   0x00000000   Code   RO          115    .ARM.Collect$$libinit$$0000001D  c_w.l(libinit2.o)
    0x0000027a   0x0000027a   0x00000000   Code   RO          117    .ARM.Collect$$libinit$$0000001F  c_w.l(libinit2.o)
    0x0000027a   0x0000027a   0x00000000   Code   RO          119    .ARM.Collect$$libinit$$00000021  c_w.l(libinit2.o)
    0x0000027a   0x0000027a   0x00000000   Code   RO          121    .ARM.Collect$$libinit$$00000023  c_w.l(libinit2.o)
    0x0000027a   0x0000027a   0x00000000   Code   RO          123    .ARM.Collect$$libinit$$00000025  c_w.l(libinit2.o)
    0x0000027a   0x0000027a   0x00000000   Code   RO          125    .ARM.Collect$$libinit$$00000027  c_w.l(libinit2.o)
    0x0000027a   0x0000027a   0x00000000   Code   RO          129    .ARM.Collect$$libinit$$0000002E  c_w.l(libinit2.o)
    0x0000027a   0x0000027a   0x00000000   Code   RO          131    .ARM.Collect$$libinit$$00000030  c_w.l(libinit2.o)
    0x0000027a   0x0000027a   0x00000000   Code   RO          133    .ARM.Collect$$libinit$$00000032  c_w.l(libinit2.o)
    0x0000027a   0x0000027a   0x00000000   Code   RO          135    .ARM.Collect$$libinit$$00000034  c_w.l(libinit2.o)
    0x0000027a   0x0000027a   0x00000002   Code   RO          136    .ARM.Collect$$libinit$$00000035  c_w.l(libinit2.o)
    0x0000027c   0x0000027c   0x00000002   Code   RO          158    .ARM.Collect$$libshutdown$$00000000  c_w.l(libshutdown.o)
    0x0000027e   0x0000027e   0x00000000   Code   RO          173    .ARM.Collect$$libshutdown$$00000002  c_w.l(libshutdown2.o)
    0x0000027e   0x0000027e   0x00000000   Code   RO          175    .ARM.Collect$$libshutdown$$00000004  c_w.l(libshutdown2.o)
    0x0000027e   0x0000027e   0x00000000   Code   RO          178    .ARM.Collect$$libshutdown$$00000007  c_w.l(libshutdown2.o)
    0x0000027e   0x0000027e   0x00000000   Code   RO          181    .ARM.Collect$$libshutdown$$0000000A  c_w.l(libshutdown2.o)
    0x0000027e   0x0000027e   0x00000000   Code   RO          183    .ARM.Collect$$libshutdown$$0000000C  c_w.l(libshutdown2.o)
    0x0000027e   0x0000027e   0x00000000   Code   RO          186    .ARM.Collect$$libshutdown$$0000000F  c_w.l(libshutdown2.o)
    0x0000027e   0x0000027e   0x00000002   Code   RO          187    .ARM.Collect$$libshutdown$$00000010  c_w.l(libshutdown2.o)
    0x00000280   0x00000280   0x00000000   Code   RO           57    .ARM.Collect$$rtentry$$00000000  c_w.l(__rtentry.o)
    0x00000280   0x00000280   0x00000000   Code   RO           61    .ARM.Collect$$rtentry$$00000002  c_w.l(__rtentry2.o)
    0x00000280   0x00000280   0x00000006   Code   RO           73    .ARM.Collect$$rtentry$$00000004  c_w.l(__rtentry4.o)
    0x00000286   0x00000286   0x00000000   Code   RO           63    .ARM.Collect$$rtentry$$00000009  c_w.l(__rtentry2.o)
    0x00000286   0x00000286   0x00000004   Code   RO           64    .ARM.Collect$$rtentry$$0000000A  c_w.l(__rtentry2.o)
    0x0000028a   0x0000028a   0x00000000   Code   RO           66    .ARM.Collect$$rtentry$$0000000C  c_w.l(__rtentry2.o)
    0x0000028a   0x0000028a   0x00000008   Code   RO           67    .ARM.Collect$$rtentry$$0000000D  c_w.l(__rtentry2.o)
    0x00000292   0x00000292   0x00000002   Code   RO           88    .ARM.Collect$$rtexit$$00000000  c_w.l(rtexit.o)
    0x00000294   0x00000294   0x00000000   Code   RO          138    .ARM.Collect$$rtexit$$00000002  c_w.l(rtexit2.o)
    0x00000294   0x00000294   0x00000004   Code   RO          139    .ARM.Collect$$rtexit$$00000003  c_w.l(rtexit2.o)
    0x00000298   0x00000298   0x00000006   Code   RO          140    .ARM.Collect$$rtexit$$00000004  c_w.l(rtexit2.o)
    0x0000029e   0x0000029e   0x00000002   PAD
    0x000002a0   0x000002a0   0x000001fc   Code   RO           17    .text               heap.o
    0x0000049c   0x0000049c   0x00000074   Code   RO           22    .text               stdlib.o
    0x00000510   0x00000510   0x000000a0   Code   RO           25    .text               svc.o
    0x000005b0   0x000005b0   0x0000006c   Code   RO           28    .text               timer.o
    0x0000061c   0x0000061c   0x000001a4   Code   RO           35  * .text               startup_tm4c129.o
    0x000007c0   0x000007c0   0x0000008a   Code   RO           53    .text               c_w.l(rt_memcpy_v6.o)
    0x0000084a   0x0000084a   0x00000064   Code   RO           58    .text               c_w.l(rt_memcpy_w.o)
    0x000008ae   0x000008ae   0x0000004a   Code   RO           75    .text               c_w.l(sys_stackheap_outer.o)
    0x000008f8   0x000008f8   0x00000012   Code   RO           77    .text               c_w.l(exit.o)
    0x0000090a   0x0000090a   0x00000002   PAD
    0x0000090c   0x0000090c   0x00000008   Code   RO           85    .text               c_w.l(libspace.o)
    0x00000914   0x00000914   0x0000000c   Code   RO          148    .text               c_w.l(sys_exit.o)
    0x00000920   0x00000920   0x00000002   Code   RO          163    .text               c_w.l(use_no_semi.o)
    0x00000922   0x00000922   0x00000000   Code   RO          165    .text               c_w.l(indicate_semi.o)
    0x00000922   0x00000922   0x00000002   PAD
    0x00000924   0x00000924   0x00000024   Code   RO           42    .text.SystemInit    system_tm4c129.o
    0x00000948   0x00000948   0x00000140   Code   RO            6    .text.main          driver_keil.o
    0x00000a88   0x00000a88   0x00000016   Code   RO            2    .text.sig_handler1  driver_keil.o
    0x00000a9e   0x00000a9e   0x00000002   PAD
    0x00000aa0   0x00000aa0   0x00000016   Code   RO            4    .text.sig_handler2  driver_keil.o
    0x00000ab6   0x00000ab6   0x0000001a   Code   RO          146    x$fpl$fpinit        fz_wm.l(fpinit.o)
    0x00000ad0   0x00000ad0   0x00000028   Data   RO            9    .rodata.str1.1      driver_keil.o
    0x00000af8   0x00000af8   0x00000020   Data   RO          221    Region$$Table       anon$$obj.o


    Execution Region ER_RW (Exec base: 0x20000000, Load base: 0x00000b18, Size: 0x00000004, Max: 0xffffffff, ABSOLUTE)

    Exec Addr    Load Addr    Size         Type   Attr      Idx    E Section Name        Object

    0x20000000   0x00000b18   0x00000004   Data   RW           44    .data.SystemCoreClock  system_tm4c129.o


    Execution Region ER_ZI (Exec base: 0x20000008, Load base: 0x00000b1c, Size: 0x00006068, Max: 0xffffffff, ABSOLUTE)

    Exec Addr    Load Addr    Size         Type   Attr      Idx    E Section Name        Object

    0x20000008        -       0x00000060   Zero   RW           86    .bss                c_w.l(libspace.o)
    0x20000068        -       0x00000004   Zero   RW            8    .bss.alarmed        driver_keil.o
    0x2000006c   0x00000b1c   0x00000004   PAD
    0x20000070        -       0x00005000   Zero   RW           32    HEAP                startup_tm4c129.o
    0x20005070        -       0x00001000   Zero   RW           33    STACK               startup_tm4c129.o


==============================================================================

Image component sizes


      Code (inc. data)   RO Data    RW Data    ZI Data      Debug   Object Name

       364          0         40          0          4       1449   driver_keil.o
       508         16          0          0          0        588   heap.o
       420         60        512          0      24576       6168   startup_tm4c129.o
       116          0          0          0          0        440   stdlib.o
       160         40          0          0          0        432   svc.o
        36          0          0          4          0       1495   system_tm4c129.o
       108         22          0          0          0        568   timer.o

    ----------------------------------------------------------------------
      1714        138        584          4      24584      11140   Object Totals
         0          0         32          0          0          0   (incl. Generated)
         2          0          0          0          4          0   (incl. Padding)

    ----------------------------------------------------------------------

      Code (inc. data)   RO Data    RW Data    ZI Data      Debug   Library Member Name

         8          0          0          0          0         68   __main.o
         0          0          0          0          0          0   __rtentry.o
        12          0          0          0          0          0   __rtentry2.o
         6          0          0          0          0          0   __rtentry4.o
        52          8          0          0          0          0   __scatter.o
        26          0          0          0          0          0   __scatter_copy.o
        28          0          0          0          0          0   __scatter_zi.o
        18          0          0          0          0         80   exit.o
         0          0          0          0          0          0   indicate_semi.o
         2          0          0          0          0          0   libinit.o
         6          0          0          0          0          0   libinit2.o
         2          0          0          0          0          0   libshutdown.o
         2          0          0          0          0          0   libshutdown2.o
         8          4          0          0         96         68   libspace.o
       138          0          0          0          0         68   rt_memcpy_v6.o
       100          0          0          0          0         80   rt_memcpy_w.o
         2          0          0          0          0          0   rtexit.o
        10          0          0          0          0          0   rtexit2.o
        12          4          0          0          0         68   sys_exit.o
        74          0          0          0          0         80   sys_stackheap_outer.o
         2          0          0          0          0         68   use_no_semi.o
        26          0          0          0          0        116   fpinit.o

    ----------------------------------------------------------------------
       542         16          0          0         96        696   Library Totals
         8          0          0          0          0          0   (incl. Padding)

    ----------------------------------------------------------------------

      Code (inc. data)   RO Data    RW Data    ZI Data      Debug   Library Name

       508         16          0          0         96        580   c_w.l
        26          0          0          0          0        116   fz_wm.l

    ----------------------------------------------------------------------
       542         16          0          0         96        696   Library Totals

    ----------------------------------------------------------------------

==============================================================================


      Code (inc. data)   RO Data    RW Data    ZI Data      Debug   

      2256        154        584          4      24680      11508   Grand Totals
      2256        154        584          4      24680      11508   ELF Image Totals
      2256        154        584          4          0          0   ROM Totals

==============================================================================

    Total RO  Size (Code + RO Data)                 2840 (   2.77kB)
    Total RW  Size (RW Data + ZI Data)             24684 (  24.11kB)
    Total ROM Size (Code + RO Data + RW Data)       2844 (   2.78kB)

==============================================================================

